
PLAY [Set up Kubernetes Cluster with containerd] *******************************

TASK [Gathering Facts] *********************************************************
ok: [wrk1]
ok: [mgr]
ok: [wrk2]

TASK [Update apt packages] *****************************************************
changed: [wrk2]
changed: [mgr]
changed: [wrk1]

TASK [Install required packages] ***********************************************
changed: [wrk2]
changed: [mgr]
changed: [wrk1]

TASK [Add modules to containerd.conf] ******************************************
changed: [wrk2]
changed: [wrk1]
changed: [mgr]

TASK [Load overlay module] *****************************************************
changed: [wrk2]
changed: [wrk1]
changed: [mgr]

TASK [Load br_netfilter module] ************************************************
changed: [wrk2]
changed: [wrk1]
changed: [mgr]

TASK [Configure sysctl settings for Kubernetes] ********************************
changed: [wrk2]
changed: [mgr]
changed: [wrk1]

TASK [Apply sysctl settings] ***************************************************
changed: [wrk2]
changed: [wrk1]
changed: [mgr]

TASK [Add containerd apt repository] *******************************************
changed: [wrk1]
changed: [wrk2]
changed: [mgr]

TASK [Create /etc/apt/keyrings directory] **************************************
ok: [wrk2]
ok: [mgr]
ok: [wrk1]

TASK [Download Docker GPG key and convert to keyrings] *************************
changed: [wrk2]
changed: [wrk1]
changed: [mgr]

TASK [Convert GPG key to keyrings format] **************************************
changed: [wrk2]
changed: [mgr]
changed: [wrk1]

TASK [Remove temporary Docker GPG file] ****************************************
changed: [wrk2]
changed: [mgr]
changed: [wrk1]

TASK [Add Docker repository] ***************************************************
changed: [wrk2]
changed: [mgr]
changed: [wrk1]

TASK [Install containerd] ******************************************************
changed: [wrk2]
changed: [wrk1]
changed: [mgr]

TASK [systemd cgroup Management] ***********************************************
changed: [wrk2]
changed: [mgr]
changed: [wrk1]

TASK [Ensure containerd is started] ********************************************
changed: [wrk2]
changed: [wrk1]
changed: [mgr]

TASK [Ensure /tmp directory has no previous key file] **************************
ok: [mgr]
ok: [wrk2]
ok: [wrk1]

TASK [Download Kubernetes APT GPG key] *****************************************
changed: [mgr]
changed: [wrk2]
changed: [wrk1]

TASK [Convert the GPG key to keyrings format] **********************************
changed: [wrk2]
changed: [mgr]
changed: [wrk1]

TASK [Remove temporary Kubernetes APT key file] ********************************
changed: [wrk2]
changed: [mgr]
changed: [wrk1]

TASK [Add Kubernetes APT repository entry] *************************************
changed: [mgr]
changed: [wrk2]
changed: [wrk1]

TASK [Install Kubernetes packages] *********************************************
changed: [wrk2]
changed: [mgr]
changed: [wrk1]

TASK [Hold Kubernetes packages at current version] *****************************
ok: [mgr]
ok: [wrk2]
ok: [wrk1]

TASK [Initialize Kubernetes master] ********************************************
skipping: [wrk1]
skipping: [wrk2]
changed: [mgr]

TASK [Create .kube directory] **************************************************
skipping: [wrk1]
skipping: [wrk2]
changed: [mgr]

TASK [Copy kube config to user directory] **************************************
skipping: [wrk1]
skipping: [wrk2]
changed: [mgr]

TASK [Copy kube config to root directory] **************************************
skipping: [wrk1]
skipping: [wrk2]
changed: [mgr]

TASK [Set kubeconfig for root on master] ***************************************
skipping: [wrk1]
skipping: [wrk2]
changed: [mgr]

TASK [Get kubeadm join command] ************************************************
skipping: [wrk1]
skipping: [wrk2]
changed: [mgr]

TASK [Set kubeadm join command in facts] ***************************************
ok: [mgr]
skipping: [wrk1]
skipping: [wrk2]

TASK [Install network plugin] **************************************************
skipping: [wrk1]
skipping: [wrk2]
changed: [mgr]

PLAY [Join Worker Nodes to Cluster] ********************************************

TASK [Gathering Facts] *********************************************************
ok: [wrk1]
ok: [wrk2]

TASK [Wait for master to complete join command generation] *********************
skipping: [wrk1]
skipping: [wrk2]

TASK [Check if node is already part of the cluster] ****************************
fatal: [wrk1]: FAILED! => {"changed": false, "cmd": ["systemctl", "status", "kubelet"], "delta": "0:00:00.012141", "end": "2025-02-25 08:35:51.644018", "msg": "non-zero return code", "rc": 3, "start": "2025-02-25 08:35:51.631877", "stderr": "", "stderr_lines": [], "stdout": "○ kubelet.service - kubelet: The Kubernetes Node Agent\n     Loaded: loaded (/usr/lib/systemd/system/kubelet.service; enabled; preset: enabled)\n    Drop-In: /usr/lib/systemd/system/kubelet.service.d\n             └─10-kubeadm.conf\n     Active: inactive (dead)\n       Docs: https://kubernetes.io/docs/", "stdout_lines": ["○ kubelet.service - kubelet: The Kubernetes Node Agent", "     Loaded: loaded (/usr/lib/systemd/system/kubelet.service; enabled; preset: enabled)", "    Drop-In: /usr/lib/systemd/system/kubelet.service.d", "             └─10-kubeadm.conf", "     Active: inactive (dead)", "       Docs: https://kubernetes.io/docs/"]}
...ignoring
fatal: [wrk2]: FAILED! => {"changed": false, "cmd": ["systemctl", "status", "kubelet"], "delta": "0:00:00.011800", "end": "2025-02-25 08:35:51.670216", "msg": "non-zero return code", "rc": 3, "start": "2025-02-25 08:35:51.658416", "stderr": "", "stderr_lines": [], "stdout": "○ kubelet.service - kubelet: The Kubernetes Node Agent\n     Loaded: loaded (/usr/lib/systemd/system/kubelet.service; enabled; preset: enabled)\n    Drop-In: /usr/lib/systemd/system/kubelet.service.d\n             └─10-kubeadm.conf\n     Active: inactive (dead)\n       Docs: https://kubernetes.io/docs/", "stdout_lines": ["○ kubelet.service - kubelet: The Kubernetes Node Agent", "     Loaded: loaded (/usr/lib/systemd/system/kubelet.service; enabled; preset: enabled)", "    Drop-In: /usr/lib/systemd/system/kubelet.service.d", "             └─10-kubeadm.conf", "     Active: inactive (dead)", "       Docs: https://kubernetes.io/docs/"]}
...ignoring

TASK [Join Kubernetes cluster if not already joined] ***************************
changed: [wrk1]
changed: [wrk2]

PLAY RECAP *********************************************************************
mgr                        : ok=32   changed=27   unreachable=0    failed=0    skipped=0    rescued=0    ignored=0   
wrk1                       : ok=27   changed=21   unreachable=0    failed=0    skipped=9    rescued=0    ignored=1   
wrk2                       : ok=27   changed=21   unreachable=0    failed=0    skipped=9    rescued=0    ignored=1   

